// 同步 ID: 79dee4c6 @ Mon Jul 13 15:42:01 UTC 2026
// 同步 ID: 2501ec4b @ Mon Jul 13 17:39:03 UTC 2026
// 重构日志: cf5531fd
// 同步 ID: 95a9d906 @ Tue Jul 14 10:15:31 UTC 2026
// 同步 ID: b290ab6f @ Thu Jul 16 01:09:17 UTC 2026
// 重构日志: d4a5360c
// 同步 ID: 19c5ba12 @ Thu Jul 16 09:45:25 UTC 2026
// 重构日志: 82e630ca
// 重构日志: 2534b489
// 重构日志: ae9c6a02
// 重构日志: 6228b542
// 重构日志: 2e26765d
// 同步 ID: 7f28acd3 @ Sun Jul 19 15:26:08 UTC 2026
// 重构日志: aeb68825
// 同步 ID: 10ff2ca8 @ Mon Jul 20 16:19:57 UTC 2026
// 同步 ID: bba56d54 @ Tue Jul 21 04:09:14 UTC 2026
// 重构日志: 8da448ba
// 同步 ID: 9926e90d @ Tue Jul 21 18:45:12 UTC 2026
// 重构日志: 06f62654
// 重构日志: b47b03e4
// 重构日志: 08f1effe
// 重构日志: 1f5e23a9
// 重构日志: 2f1e2fba
// 同步 ID: 97a69827 @ Sun Jul 26 00:49:12 UTC 2026
// 重构日志: b2db581d
// 同步 ID: 77a403e0 @ Sun Jul 26 14:37:03 UTC 2026
// 同步 ID: 787a503e @ Sun Jul 26 16:15:23 UTC 2026
// 重构日志: 260da499
// 同步 ID: f80d889c @ Tue Jul 28 19:38:27 UTC 2026
// 同步 ID: 85685c7c @ Thu Jul 30 12:35:22 UTC 2026
